{"level":"info","ts":1670323296.6230762,"caller":"aide-cloud.github.io/main.go:25","msg":"failed to fetch URL","url":"url","attempt":3,"backoff":1}
{"level":"info","ts":1670323296.6233401,"caller":"aide-cloud.github.io/main.go:31","msg":"Failed to fetch URL: url"}
{"level":"info","ts":1670323296.62336,"caller":"aide-cloud.github.io/main.go:32","msg":"Failed to fetch URLurlurl"}
